------------------------------------------------------------
TimeQuest Timing Analyzer Summary
------------------------------------------------------------

Type  : Slow 1200mV 85C Model Setup 'div|altpll_component|auto_generated|pll1|clk[0]'
Slack : -53.320
TNS   : -1393.670

Type  : Slow 1200mV 85C Model Setup 'p1|altpll_component|pll|clk[2]'
Slack : -34.580
TNS   : -868.025

Type  : Slow 1200mV 85C Model Setup 'CLOCK_50'
Slack : 1.540
TNS   : 0.000

Type  : Slow 1200mV 85C Model Hold 'div|altpll_component|auto_generated|pll1|clk[0]'
Slack : 0.402
TNS   : 0.000

Type  : Slow 1200mV 85C Model Hold 'p1|altpll_component|pll|clk[2]'
Slack : 0.403
TNS   : 0.000

Type  : Slow 1200mV 85C Model Hold 'CLOCK_50'
Slack : 0.408
TNS   : 0.000

Type  : Slow 1200mV 85C Model Recovery 'p1|altpll_component|pll|clk[2]'
Slack : 12.645
TNS   : 0.000

Type  : Slow 1200mV 85C Model Recovery 'div|altpll_component|auto_generated|pll1|clk[0]'
Slack : 44.983
TNS   : 0.000

Type  : Slow 1200mV 85C Model Removal 'div|altpll_component|auto_generated|pll1|clk[0]'
Slack : 4.321
TNS   : 0.000

Type  : Slow 1200mV 85C Model Removal 'p1|altpll_component|pll|clk[2]'
Slack : 4.991
TNS   : 0.000

Type  : Slow 1200mV 85C Model Minimum Pulse Width 'CLOCK_50'
Slack : 9.629
TNS   : 0.000

Type  : Slow 1200mV 85C Model Minimum Pulse Width 'p1|altpll_component|pll|clk[2]'
Slack : 19.610
TNS   : 0.000

Type  : Slow 1200mV 85C Model Minimum Pulse Width 'div|altpll_component|auto_generated|pll1|clk[0]'
Slack : 24.690
TNS   : 0.000

Type  : Slow 1200mV 0C Model Setup 'div|altpll_component|auto_generated|pll1|clk[0]'
Slack : -45.815
TNS   : -1043.616

Type  : Slow 1200mV 0C Model Setup 'p1|altpll_component|pll|clk[2]'
Slack : -27.278
TNS   : -706.036

Type  : Slow 1200mV 0C Model Setup 'CLOCK_50'
Slack : 1.745
TNS   : 0.000

Type  : Slow 1200mV 0C Model Hold 'div|altpll_component|auto_generated|pll1|clk[0]'
Slack : 0.353
TNS   : 0.000

Type  : Slow 1200mV 0C Model Hold 'p1|altpll_component|pll|clk[2]'
Slack : 0.353
TNS   : 0.000

Type  : Slow 1200mV 0C Model Hold 'CLOCK_50'
Slack : 0.364
TNS   : 0.000

Type  : Slow 1200mV 0C Model Recovery 'p1|altpll_component|pll|clk[2]'
Slack : 13.452
TNS   : 0.000

Type  : Slow 1200mV 0C Model Recovery 'div|altpll_component|auto_generated|pll1|clk[0]'
Slack : 45.520
TNS   : 0.000

Type  : Slow 1200mV 0C Model Removal 'div|altpll_component|auto_generated|pll1|clk[0]'
Slack : 3.924
TNS   : 0.000

Type  : Slow 1200mV 0C Model Removal 'p1|altpll_component|pll|clk[2]'
Slack : 4.463
TNS   : 0.000

Type  : Slow 1200mV 0C Model Minimum Pulse Width 'CLOCK_50'
Slack : 9.647
TNS   : 0.000

Type  : Slow 1200mV 0C Model Minimum Pulse Width 'p1|altpll_component|pll|clk[2]'
Slack : 19.632
TNS   : 0.000

Type  : Slow 1200mV 0C Model Minimum Pulse Width 'div|altpll_component|auto_generated|pll1|clk[0]'
Slack : 24.681
TNS   : 0.000

Type  : Fast 1200mV 0C Model Setup 'div|altpll_component|auto_generated|pll1|clk[0]'
Slack : -13.312
TNS   : -26.377

Type  : Fast 1200mV 0C Model Setup 'p1|altpll_component|pll|clk[2]'
Slack : -9.016
TNS   : -100.083

Type  : Fast 1200mV 0C Model Setup 'CLOCK_50'
Slack : 3.148
TNS   : 0.000

Type  : Fast 1200mV 0C Model Hold 'div|altpll_component|auto_generated|pll1|clk[0]'
Slack : 0.114
TNS   : 0.000

Type  : Fast 1200mV 0C Model Hold 'p1|altpll_component|pll|clk[2]'
Slack : 0.181
TNS   : 0.000

Type  : Fast 1200mV 0C Model Hold 'CLOCK_50'
Slack : 0.188
TNS   : 0.000

Type  : Fast 1200mV 0C Model Recovery 'p1|altpll_component|pll|clk[2]'
Slack : 15.967
TNS   : 0.000

Type  : Fast 1200mV 0C Model Recovery 'div|altpll_component|auto_generated|pll1|clk[0]'
Slack : 47.282
TNS   : 0.000

Type  : Fast 1200mV 0C Model Removal 'div|altpll_component|auto_generated|pll1|clk[0]'
Slack : 2.230
TNS   : 0.000

Type  : Fast 1200mV 0C Model Removal 'p1|altpll_component|pll|clk[2]'
Slack : 2.568
TNS   : 0.000

Type  : Fast 1200mV 0C Model Minimum Pulse Width 'CLOCK_50'
Slack : 9.373
TNS   : 0.000

Type  : Fast 1200mV 0C Model Minimum Pulse Width 'p1|altpll_component|pll|clk[2]'
Slack : 19.750
TNS   : 0.000

Type  : Fast 1200mV 0C Model Minimum Pulse Width 'div|altpll_component|auto_generated|pll1|clk[0]'
Slack : 24.758
TNS   : 0.000

------------------------------------------------------------
